<?xml version="1.0" encoding="utf-8" ?><urlset xmlns="http://www.sitemaps.org/schemas/sitemap/0.9"><url><loc>http://example.com/about.html</loc><changefreq>daily</changefreq><priority>1.0</priority></url><url><loc>http://example.com/another-post-without-metadata.html</loc></url><url><loc>http://example.com/</loc></url><url><loc>http://example.com/my-post.html</loc><lastmod>2014-10-31T23:59:59.000Z</lastmod><changefreq>weekly</changefreq><priority>0.8</priority></url></urlset>